[tronaitrade.com/index.html]
[tronaitrade.com/f-logo.png]
[tronaitrade.com/assets/js/jquery-1.12.4.min.js]
[tronaitrade.com/assets/js/owl.carousel.js]
[tronaitrade.com/assets/js/jquery.jscrollpane.min.js]
[tronaitrade.com/assets/js/main.js]
[backblue.gif]
[fade.gif]
[index.html]
[cdn.jsdelivr.net/npm/clipboard@2.0.6/dist/clipboard.min.js]
[tronaitrade.com/static/css/main.235e4d84.chunk.css]
[tronaitrade.com/static/js/2.00c271d4.chunk.js]
[tronaitrade.com/index.html]
[tronaitrade.com/static/js/main.4a6e791b.chunk.js]
[tronaitrade.com/static/media/percent-bg.247bab2e.svg]
[tronaitrade.com/static/media/code-bg.ffe199cb.svg]
[tronaitrade.com/static/media/bg.0be69511.svg]
[tronaitrade.com/static/media/smart-ico.da87426b.svg]
[tronaitrade.com/static/media/k1.518c56f8.svg]
[tronaitrade.com/static/media/h-1.5d074c3a.svg]
[tronaitrade.com/static/media/h-2.5efa6868.svg]
[tronaitrade.com/static/media/percent-bg2.18756261.svg]
[tronaitrade.com/static/media/trx.76626a12.svg]
[tronaitrade.com/static/media/make-right-ico.d1664856.svg]
[tronaitrade.com/static/media/check.f56139a4.svg]
[tronaitrade.com/static/media/wallet-ico.06cbd006.svg]
[tronaitrade.com/static/media/w-ico.1d8d81b1.svg]
[tronaitrade.com/static/media/bxs-info-circle.20a3f997.svg]
[tronaitrade.com/static/media/arrow-left.9a7c7adc.svg]
[tronaitrade.com/static/media/arrow-right.d2c9a1af.svg]
[tronaitrade.com/static/media/panel.af52769a.svg]
[tronaitrade.com/static/media/panel-ico-1.cc9d9cb6.svg]
[tronaitrade.com/static/media/panel-ico-2.17b74b3b.svg]
[tronaitrade.com/static/media/panel-ico-3.9f1775a5.svg]
[tronaitrade.com/static/media/min.eea39621.svg]
[tronaitrade.com/static/media/max.bd5b12f5.svg]
[tronaitrade.com/static/media/percent-bg-ico.f0083d1e.svg]
[tronaitrade.com/static/media/arrow-before.1b0014ae.svg]
[tronaitrade.com/static/media/video.76af67ba.svg]
[tronaitrade.com/static/media/smlogo2.fdf192ee.svg]
[tronaitrade.com/static/media/smlogo.74c63c0f.svg]
[tronaitrade.com/static/media/watch.4f01d2c7.svg]
[tronaitrade.com/static/media/check-mar1k.9ea38eb4.svg]
[tronaitrade.com/static/media/smart-icons.da87426b.svg]
[tronaitrade.com/static/media/news_icon.813b9f18.svg]
[tronaitrade.com/static/media/ru.fde25235.svg]
[tronaitrade.com/static/media/en.e391f60c.svg]
[tronaitrade.com/static/media/ir.3f9291b6.svg]
[tronaitrade.com/static/media/ch.7f6e9336.svg]
[tronaitrade.com/static/media/close_popup.70534f18.svg]
[tronaitrade.com/static/media/nee_connect.47c021bf.svg]
[tronaitrade.com/static/media/get-ico-1.51b24e13.svg]
[tronaitrade.com/static/media/get-ico-2.7253b979.svg]
[tronaitrade.com/static/media/success-alert.ca999a67.svg]
[tronaitrade.com/static/media/connect-wallet.a7013203.svg]
[tronaitrade.com/static/media/telegram_flow.f76a30f0.svg]
[tronaitrade.com/static/css/main.235e4d84.chunk.css]
[tronaitrade.com/static/media/percent-bg.247bab2e.svg]
[tronaitrade.com/static/media/code-bg.ffe199cb.svg]
[tronaitrade.com/static/media/bg.0be69511.svg]
[tronaitrade.com/static/media/smart-ico.da87426b.svg]
[tronaitrade.com/static/media/k1.518c56f8.svg]
[tronaitrade.com/static/media/h-1.5d074c3a.svg]
[tronaitrade.com/static/media/h-2.5efa6868.svg]
[tronaitrade.com/static/media/percent-bg2.18756261.svg]
[tronaitrade.com/static/media/trx.76626a12.svg]
[tronaitrade.com/static/media/make-right-ico.d1664856.svg]
[tronaitrade.com/static/media/check.f56139a4.svg]
[tronaitrade.com/static/media/wallet-ico.06cbd006.svg]
[tronaitrade.com/static/media/w-ico.1d8d81b1.svg]
[tronaitrade.com/static/media/bxs-info-circle.20a3f997.svg]
[tronaitrade.com/static/media/arrow-left.9a7c7adc.svg]
[tronaitrade.com/static/media/arrow-right.d2c9a1af.svg]
[tronaitrade.com/static/media/panel.af52769a.svg]
[tronaitrade.com/static/media/panel-ico-1.cc9d9cb6.svg]
[tronaitrade.com/static/media/panel-ico-2.17b74b3b.svg]
[tronaitrade.com/static/media/panel-ico-3.9f1775a5.svg]
[tronaitrade.com/static/media/min.eea39621.svg]
[tronaitrade.com/static/media/max.bd5b12f5.svg]
[tronaitrade.com/static/media/percent-bg-ico.f0083d1e.svg]
[tronaitrade.com/static/media/arrow-before.1b0014ae.svg]
[tronaitrade.com/static/media/video.76af67ba.svg]
[tronaitrade.com/static/media/smlogo2.fdf192ee.svg]
[tronaitrade.com/static/media/smlogo.74c63c0f.svg]
[tronaitrade.com/static/media/watch.4f01d2c7.svg]
[tronaitrade.com/static/media/check-mar1k.9ea38eb4.svg]
[tronaitrade.com/static/media/smart-icons.da87426b.svg]
[tronaitrade.com/static/media/news_icon.813b9f18.svg]
[tronaitrade.com/static/media/ru.fde25235.svg]
[tronaitrade.com/static/media/en.e391f60c.svg]
[tronaitrade.com/static/media/ir.3f9291b6.svg]
[tronaitrade.com/static/media/ch.7f6e9336.svg]
[tronaitrade.com/static/media/close_popup.70534f18.svg]
[tronaitrade.com/static/media/nee_connect.47c021bf.svg]
[tronaitrade.com/static/media/get-ico-1.51b24e13.svg]
[tronaitrade.com/static/media/get-ico-2.7253b979.svg]
[tronaitrade.com/static/media/success-alert.ca999a67.svg]
[tronaitrade.com/static/media/connect-wallet.a7013203.svg]
[tronaitrade.com/static/media/telegram_flow.f76a30f0.svg]
[tronaitrade.com/static/media/gift.3d7749ac.svg]
[tronaitrade.com/static/media/gift.3d7749ac.svg]
